Microchip MPLAB XC8 Compiler V3.10

Linker command line:

-W-3 \
  --edf=C:\Program Files\Microchip\xc8\v3.10\pic\dat\20250813170317_en.msgs \
  -cn -h+dist/default/production\chobabybunhanho.X.production.sym \
  --cmf=dist/default/production\chobabybunhanho.X.production.cmf -z \
  -Q16F887 -oC:\Users\TranVy\AppData\Local\Temp\xcAs5vo.0\driver_tmp_3.o \
  --defsym=__MPLAB_BUILD=1 --fixupoverflow=error \
  -Mdist/default/production/chobabybunhanho.X.production.map \
  --md=C:\Users\TranVy\AppData\Local\Temp\xcAs5vo.0\driver_tmp_0.dat -E1 \
  -ver=XC8 Compiler -ACODE=00h-07FFhx4 -ASTRCODE=00h-01FFFh \
  -ASTRING=00h-0FFhx32 -ACONST=00h-0FFhx32 -AENTRY=00h-0FFhx32 \
  -ACOMMON=070h-07Fh -ABANK0=020h-06Fh -ABANK1=0A0h-0EFh \
  -ABANK2=0110h-016Fh -ABANK3=0190h-01EFh \
  -ARAM=020h-06Fh,0A0h-0EFh,0110h-016Fh,0190h-01EFh \
  -AABS1=020h-07Fh,0A0h-0EFh,0110h-016Fh,0190h-01EFh -ASFR0=00h-01Fh \
  -ASFR1=080h-09Fh -ASFR2=0100h-010Fh -ASFR3=0180h-018Fh \
  -ACONFIG=02007h-02008h -DCONFIG=2 -AIDLOC=02000h-02003h -DIDLOC=2 \
  -AEEDATA=00h-0FFh/02100h -peeprom_data=EEDATA -DEEDATA=2 -DCODE=2 \
  -DSTRCODE=2 -DSTRING=2 -DCONST=2 -DENTRY=2 \
  -preset_vec=00h,intentry,sivt,init,end_init -ppowerup=CODE -pcinit=CODE \
  -pfunctab=ENTRY -k \
  C:\Users\TranVy\AppData\Local\Temp\xcAs5vo.0\driver_tmp_17.o \
  dist/default/production\chobabybunhanho.X.production.o 

Object code version is 3.11

Machine type is 16F887



                Name                               Link     Load   Length Selector   Space Scale
C:\Users\TranVy\AppData\Local\Temp\xcAs5vo.0\driver_tmp_17.o
                end_init                              0        0        3        0       0
                config                             2007     2007        2        0       4
dist/default/production\chobabybunhanho.X.production.o
                cinit                               7EC      7EC       14      FD8       0
                config                             2007     2007        2        0       4
                text12                              50C      50C        8      A18       0
                text11                              598      598       31      B30       0
                text10                              53A      53A       16      A74       0
                text9                               51C      51C        A      A38       0
                text8                               526      526       14      A4C       0
                text7                               601      601       42      C02       0
                text6                               5C9      5C9       38      B92       0
                text5                               50B      50B        1      A16       0
                text4                               68E      68E       9A      D1C       0
                text3                               728      728       C4      E50       0
                text2                               573      573       25      AE6       0
                text1                               550      550       23      AA0       0
                maintext                            643      643       4B      C86       0
                cstackBANK0                          20       20       37       20       1
                cstackCOMMON                         70       70        E       70       1
                clrtext                             514      514        8      A28       0
                bssBANK1                             A0       A0       20       A0       1
                bssBANK0                             57       57        5       20       1
                strings                               3        3       19        6       0

TOTAL           Name                               Link     Load   Length     Space
        CLASS   CODE           
                end_init                              0        0        3         0
                cinit                               7EC      7EC       14         0
                text12                              50C      50C        8         0
                text11                              598      598       31         0
                text10                              53A      53A       16         0
                text9                               51C      51C        A         0
                text8                               526      526       14         0
                text7                               601      601       42         0
                text6                               5C9      5C9       38         0
                text5                               50B      50B        1         0
                text4                               68E      68E       9A         0
                text3                               728      728       C4         0
                text2                               573      573       25         0
                text1                               550      550       23         0
                maintext                            643      643       4B         0
                clrtext                             514      514        8         0

        CLASS   STRCODE        

        CLASS   STRING         
                strings                               3        3       19         0

        CLASS   CONST          

        CLASS   ENTRY          

        CLASS   COMMON         
                cstackCOMMON                         70       70        E         1

        CLASS   BANK0          
                cstackBANK0                          20       20       37         1
                bssBANK0                             57       57        5         1

        CLASS   BANK1          
                bssBANK1                             A0       A0       20         1

        CLASS   BANK2          

        CLASS   BANK3          

        CLASS   RAM            

        CLASS   ABS1           
                abs_s1                               7E       7E        2         1

        CLASS   SFR0           

        CLASS   SFR1           

        CLASS   SFR2           

        CLASS   SFR3           

        CLASS   CONFIG         
                config                             2007     2007        2         4

        CLASS   IDLOC          

        CLASS   EEDATA         

        CLASS   HEAP           

        CLASS   STACK          



SEGMENTS        Name                           Load    Length   Top    Selector   Space  Class     Delta

                reset_vec                      000000  000003  000003         0       0  CODE        2
                strings                        000003  000019  00001C         6       0  STRING      2
                cstackBANK0                    000020  00003C  00005C        20       1  BANK0       1
                cstackCOMMON                   000070  00000E  00007E        70       1  COMMON      1
                bssBANK1                       0000A0  000020  0000C0        A0       1  BANK1       1
                text5                          00050B  000001  00050C       A16       0  CODE        2
                text12                         00050C  000008  000514       A18       0  CODE        2
                clrtext                        000514  000008  00051C       A28       0  CODE        2
                text9                          00051C  00000A  000526       A38       0  CODE        2
                text8                          000526  000014  00053A       A4C       0  CODE        2
                text10                         00053A  000016  000550       A74       0  CODE        2
                text1                          000550  000023  000573       AA0       0  CODE        2
                text2                          000573  000025  000598       AE6       0  CODE        2
                text11                         000598  000031  0005C9       B30       0  CODE        2
                text6                          0005C9  000038  000601       B92       0  CODE        2
                text7                          000601  000042  000643       C02       0  CODE        2
                maintext                       000643  00004B  00068E       C86       0  CODE        2
                text4                          00068E  00009A  000728       D1C       0  CODE        2
                text3                          000728  0000C4  0007EC       E50       0  CODE        2
                cinit                          0007EC  000014  000800       FD8       0  CODE        2


UNUSED ADDRESS RANGES

        Name                Unused          Largest block    Delta
        BANK0            005C-006F             14           1
        BANK1            00C0-00EF             30           1
        BANK2            0110-016F             60           1
        BANK3            0190-01EF             60           1
        CODE             001C-050A            4EF           2
                         0800-1FFF            800
        CONST            001C-050A            100           2
                         0800-1FFF            100
        EEDATA           2100-21FF            100           2
        ENTRY            001C-050A            100           2
                         0800-1FFF            100
        IDLOC            2000-2003              4           2
        RAM              005C-006F             14           1
                         00C0-00EF             30
                         0110-016F             60
                         0190-01EF             60
        SFR0             0000-001F             20           1
        SFR1             0080-009F             20           1
        SFR2             0100-010F             10           1
        SFR3             0180-018F             10           1
        STRCODE          001C-050A            4EF           2
                         0800-1FFF           1800
        STRING           001C-050A            100           2
                         0800-1FFF            100

                                  Symbol Table

?_ADCread                cstackCOMMON 0070
?___lwdiv                cstackCOMMON 0070
?___lwmod                cstackCOMMON 0070
?_sprintf                cstackBANK0  0030
?_vfprintf               cstackBANK0  002C
ADCread@pin              cstackCOMMON 0074
_ADCON0                  (abs)        001F
_ADCON1                  (abs)        009F
_ADCinit                 text12       050C
_ADCread                 text11       0598
_ADRESH                  (abs)        001E
_BRG16                   (abs)        0C3B
_BRGH                    (abs)        04C2
_CREN                    (abs)        00C4
_GO_DONE                 (abs)        00F9
_PORTB                   (abs)        0006
_SPBRG                   (abs)        0099
_SPEN                    (abs)        00C7
_SYNC                    (abs)        04C4
_TRISB                   (abs)        0086
_TRISC6                  (abs)        043E
_TRISC7                  (abs)        043F
_TX9                     (abs)        04C6
_TXEN                    (abs)        04C5
_TXIF                    (abs)        0064
_TXREG                   (abs)        0019
__H__absolute__          __absolute__ 0000
__Habs1                  abs1         0000
__Hbank0                 bank0        0000
__Hbank1                 bank1        0000
__Hbank2                 bank2        0000
__Hbank3                 bank3        0000
__HbssBANK0              bssBANK0     0000
__HbssBANK1              bssBANK1     0000
__Hcinit                 cinit        0800
__Hclrtext               clrtext      0000
__Hcode                  code         0000
__Hcommon                common       0000
__Hconfig                config       2009
__HcstackBANK0           cstackBANK0  0000
__HcstackCOMMON          cstackCOMMON 0000
__Heeprom_data           eeprom_data  0000
__Hend_init              end_init     0003
__Hfunctab               functab      0000
__Hheap                  heap         0000
__Hinit                  init         0000
__Hintentry              intentry     0000
__Hmaintext              maintext     0000
__Hpowerup               powerup      0000
__Hram                   ram          0000
__Hreset_vec             reset_vec    0000
__Hsfr0                  sfr0         0000
__Hsfr1                  sfr1         0000
__Hsfr2                  sfr2         0000
__Hsfr3                  sfr3         0000
__Hsivt                  sivt         0000
__Hspace_0               (abs)        0800
__Hspace_1               (abs)        00C0
__Hspace_2               (abs)        0000
__Hspace_3               (abs)        0000
__Hspace_4               (abs)        4010
__Hstack                 stack        0000
__Hstrings               strings      0000
__Htext                  text         0000
__L__absolute__          __absolute__ 0000
__Labs1                  abs1         0000
__Lbank0                 bank0        0000
__Lbank1                 bank1        0000
__Lbank2                 bank2        0000
__Lbank3                 bank3        0000
__LbssBANK0              bssBANK0     0000
__LbssBANK1              bssBANK1     0000
__Lcinit                 cinit        07EC
__Lclrtext               clrtext      0000
__Lcode                  code         0000
__Lcommon                common       0000
__Lconfig                config       0000
__LcstackBANK0           cstackBANK0  0000
__LcstackCOMMON          cstackCOMMON 0000
__Leeprom_data           eeprom_data  0000
__Lend_init              end_init     0000
__Lfunctab               functab      0000
__Lheap                  heap         0000
__Linit                  init         0000
__Lintentry              intentry     0000
__Lmaintext              maintext     0000
__Lpowerup               powerup      0000
__Lram                   ram          0000
__Lreset_vec             reset_vec    0000
__Lsfr0                  sfr0         0000
__Lsfr1                  sfr1         0000
__Lsfr2                  sfr2         0000
__Lsfr3                  sfr3         0000
__Lsivt                  sivt         0000
__Lspace_0               (abs)        0000
__Lspace_1               (abs)        0000
__Lspace_2               (abs)        0000
__Lspace_3               (abs)        0000
__Lspace_4               (abs)        0000
__Lstack                 stack        0000
__Lstrings               strings      0000
__Ltext                  text         0000
__S0                     (abs)        0800
__S1                     (abs)        00C0
__S3                     (abs)        0000
___heap_hi               (abs)        0000
___heap_lo               (abs)        0000
___int_sp                stack        0000
___int_stack_hi          stack        0000
___int_stack_lo          stack        0000
___latbits               (abs)        0002
___lwdiv                 text7        0601
___lwdiv@counter         cstackCOMMON 0076
___lwdiv@dividend        cstackCOMMON 0072
___lwdiv@divisor         cstackCOMMON 0070
___lwdiv@quotient        cstackCOMMON 0074
___lwmod                 text6        05C9
___lwmod@counter         cstackCOMMON 0074
___lwmod@dividend        cstackCOMMON 0072
___lwmod@divisor         cstackCOMMON 0070
___sp                    stack        0000
___stack_hi              stack        0000
___stack_lo              stack        0000
___stackhi               (abs)        0000
___stacklo               (abs)        0000
__end_of_ADCinit         text12       0514
__end_of_ADCread         text11       05C9
__end_of___lwdiv         text7        0643
__end_of___lwmod         text6        0601
__end_of__initialization cinit        07FC
__end_of__stringtab      strings      0009
__end_of_fputc           text4        0728
__end_of_initU           text10       0550
__end_of_main            maintext     068E
__end_of_putch           text5        050C
__end_of_send            text9        0526
__end_of_sendString      text8        053A
__end_of_sprintf         text1        0573
__end_of_vfpfcnvrt       text3        07EC
__end_of_vfprintf        text2        0598
__initialization         cinit        07EC
__pbssBANK0              bssBANK0     0057
__pbssBANK1              bssBANK1     00A0
__pcstackBANK0           cstackBANK0  0020
__pcstackCOMMON          cstackCOMMON 0070
__pmaintext              maintext     0643
__pstrings               strings      0003
__ptext1                 text1        0550
__ptext10                text10       053A
__ptext11                text11       0598
__ptext12                text12       050C
__ptext2                 text2        0573
__ptext3                 text3        0728
__ptext4                 text4        068E
__ptext5                 text5        050B
__ptext6                 text6        05C9
__ptext7                 text7        0601
__ptext8                 text8        0526
__ptext9                 text9        051C
__stringbase             strings      0008
__stringtab              strings      0003
_dbuf                    bssBANK1     00A0
_flags                   bssBANK0     005B
_fputc                   text4        068E
_initU                   text10       053A
_main                    maintext     0643
_prec                    bssBANK0     0059
_putch                   text5        050B
_send                    text9        051C
_sendString              text8        0526
_sprintf                 text1        0550
_vfpfcnvrt               text3        0728
_vfprintf                text2        0573
_width                   bssBANK0     0057
btemp                    (abs)        007E
btemp0                   (abs)        007E
btemp1                   (abs)        007F
clear_ram0               clrtext      0514
end_of_initialization    cinit        07FC
fputc@c                  cstackCOMMON 0070
fputc@fp                 cstackCOMMON 0072
intlevel0                functab      0000
intlevel1                functab      0000
intlevel2                functab      0000
intlevel3                functab      0000
intlevel4                functab      0000
intlevel5                functab      0000
ltemp0a                  (abs)        0080
main@buff                cstackBANK0  0041
main@value               cstackBANK0  0055
reset_vec                reset_vec    0000
send@data                cstackCOMMON 0070
sendString@str           cstackCOMMON 0071
sprintf@ap               cstackBANK0  0035
sprintf@f                cstackBANK0  0036
sprintf@fmt              cstackBANK0  0031
sprintf@s                cstackBANK0  0030
start                    init         0000
start_initialization     cinit        07EC
ttemp0a                  (abs)        007F
vfpfcnvrt@ap             cstackBANK0  0023
vfpfcnvrt@c              cstackBANK0  002B
vfpfcnvrt@convarg        cstackBANK0  0026
vfpfcnvrt@cp             cstackBANK0  002A
vfpfcnvrt@fmt            cstackBANK0  0022
vfpfcnvrt@fp             cstackBANK0  0020
vfprintf@ap              cstackBANK0  002F
vfprintf@cfmt            cstackCOMMON 007D
vfprintf@fmt             cstackBANK0  002E
vfprintf@fp              cstackBANK0  002C
wtemp0                   (abs)        007E
wtemp0a                  (abs)        007F


MODULE INFORMATION

Module		Function		Class		Link	Load	Size
C:\Program Files\Microchip\xc8\v3.10\pic\sources\c99\common\lwmod.c
		___lwmod       		CODE           	05C9	0000	56

C:\Program Files\Microchip\xc8\v3.10\pic\sources\c99\common\lwmod.c estimated size: 56

C:\Program Files\Microchip\xc8\v3.10\pic\sources\c99\common\putch.c
		_putch         		CODE           	050B	0000	1

C:\Program Files\Microchip\xc8\v3.10\pic\sources\c99\common\putch.c estimated size: 1

newmain.c
		_main          		CODE           	0643	0000	75
		_sendString    		CODE           	0526	0000	20
		_ADCread       		CODE           	0598	0000	49
		_initU         		CODE           	053A	0000	22
		_send          		CODE           	051C	0000	10
		_ADCinit       		CODE           	050C	0000	8

newmain.c estimated size: 184

C:\Program Files\Microchip\xc8\v3.10\pic\sources\c99\common\lwdiv.c
		___lwdiv       		CODE           	0601	0000	66

C:\Program Files\Microchip\xc8\v3.10\pic\sources\c99\common\lwdiv.c estimated size: 66

C:\Program Files\Microchip\xc8\v3.10\pic\sources\c99\common\nf_sprintf.c
		_sprintf       		CODE           	0550	0000	35

C:\Program Files\Microchip\xc8\v3.10\pic\sources\c99\common\nf_sprintf.c estimated size: 35

shared
		__stringtab    		STRING         	0003	0000	6
		__initialization		CODE           	07EC	0000	16

shared estimated size: 22

C:\Program Files\Microchip\xc8\v3.10\pic\sources\c99\common\nf_fputc.c
		_fputc         		CODE           	068E	0000	154

C:\Program Files\Microchip\xc8\v3.10\pic\sources\c99\common\nf_fputc.c estimated size: 154

C:\Program Files\Microchip\xc8\v3.10\pic\sources\c99\common\doprnt.c
		_vfpfcnvrt     		CODE           	0728	0000	196
		_vfprintf      		CODE           	0573	0000	37

C:\Program Files\Microchip\xc8\v3.10\pic\sources\c99\common\doprnt.c estimated size: 233

