Microchip MPLAB XC8 Compiler V3.10

Linker command line:

-W-3 \
  --edf=C:\Program Files\Microchip\xc8\v3.10\pic\dat\20250813170317_en.msgs \
  -cn -h+dist/default/production\Bai_1_GPIO.X.production.sym \
  --cmf=dist/default/production\Bai_1_GPIO.X.production.cmf -z -Q16F887 \
  -oC:\Users\TranVy\AppData\Local\Temp\xcAs8os.0\driver_tmp_3.o \
  --defsym=__MPLAB_BUILD=1 --fixupoverflow=error \
  -Mdist/default/production/Bai_1_GPIO.X.production.map \
  --md=C:\Users\TranVy\AppData\Local\Temp\xcAs8os.0\driver_tmp_0.dat -E1 \
  -ver=XC8 Compiler -ACODE=00h-07FFhx4 -ASTRCODE=00h-01FFFh \
  -ASTRING=00h-0FFhx32 -ACONST=00h-0FFhx32 -AENTRY=00h-0FFhx32 \
  -ACOMMON=070h-07Fh -ABANK0=020h-06Fh -ABANK1=0A0h-0EFh \
  -ABANK2=0110h-016Fh -ABANK3=0190h-01EFh \
  -ARAM=020h-06Fh,0A0h-0EFh,0110h-016Fh,0190h-01EFh \
  -AABS1=020h-07Fh,0A0h-0EFh,0110h-016Fh,0190h-01EFh -ASFR0=00h-01Fh \
  -ASFR1=080h-09Fh -ASFR2=0100h-010Fh -ASFR3=0180h-018Fh \
  -ACONFIG=02007h-02008h -DCONFIG=2 -AIDLOC=02000h-02003h -DIDLOC=2 \
  -AEEDATA=00h-0FFh/02100h -peeprom_data=EEDATA -DEEDATA=2 -DCODE=2 \
  -DSTRCODE=2 -DSTRING=2 -DCONST=2 -DENTRY=2 \
  -preset_vec=00h,intentry,sivt,init,end_init -ppowerup=CODE -pcinit=CODE \
  -pfunctab=ENTRY -k \
  C:\Users\TranVy\AppData\Local\Temp\xcAs8os.0\driver_tmp_17.o \
  dist/default/production\Bai_1_GPIO.X.production.o 

Object code version is 3.11

Machine type is 16F887



                Name                               Link     Load   Length Selector   Space Scale
C:\Users\TranVy\AppData\Local\Temp\xcAs8os.0\driver_tmp_17.o
                end_init                              0        0        3        0       0
dist/default/production\Bai_1_GPIO.X.production.o
                cinit                               7D1      7D1       2F      FA2       0
                text20                              229      229        9      452       0
                text19                              302      302       23      604       0
                text18                              232      232        E      464       0
                text17                              34F      34F       2E      69E       0
                text16                              606      606       BD      C0C       0
                text15                              24F      24F       10      49E       0
                text14                              27F      27F       11      4FE       0
                text13                              325      325       2A      64A       0
                text12                              4FA      4FA       7D      9F4       0
                text11                              2A1      2A1       12      542       0
                text10                              2C6      2C6       1B      58C       0
                text9                               42B      42B       63      856       0
                text8                               37D      37D       57      6FA       0
                text7                               290      290       11      520       0
                text6                               219      219        8      432       0
                text5                               3D4      3D4       57      7A8       0
                text4                               6C3      6C3      10E      D86       0
                text3                               2E1      2E1       21      5C2       0
                text2                               240      240        F      480       0
                text1                               577      577       8F      AEE       0
                maintext                            48E      48E       6C      91C       0
                cstackBANK0                          46       46       19       20       1
                cstackCOMMON                         70       70        E       70       1
                clrtext                             221      221        8      442       0
                inittext                            2B3      2B3       13      566       0
                dataBANK1                            C0       C0       10       A0       1
                bssBANK1                             A0       A0       20       A0       1
                dataBANK0                            5F       5F       10       20       1
                bssBANK0                             20       20       26       20       1
                strings                               3        3       29        6       0
                idataBANK1                          25F      25F       10      4BE       0
                idataBANK0                          26F      26F       10      4DE       0

TOTAL           Name                               Link     Load   Length     Space
        CLASS   CODE           
                end_init                              0        0        3         0
                cinit                               7D1      7D1       2F         0
                text20                              229      229        9         0
                text19                              302      302       23         0
                text18                              232      232        E         0
                text17                              34F      34F       2E         0
                text16                              606      606       BD         0
                text15                              24F      24F       10         0
                text14                              27F      27F       11         0
                text13                              325      325       2A         0
                text12                              4FA      4FA       7D         0
                text11                              2A1      2A1       12         0
                text10                              2C6      2C6       1B         0
                text9                               42B      42B       63         0
                text8                               37D      37D       57         0
                text7                               290      290       11         0
                text6                               219      219        8         0
                text5                               3D4      3D4       57         0
                text4                               6C3      6C3      10E         0
                text3                               2E1      2E1       21         0
                text2                               240      240        F         0
                text1                               577      577       8F         0
                maintext                            48E      48E       6C         0
                clrtext                             221      221        8         0
                inittext                            2B3      2B3       13         0
                idataBANK1                          25F      25F       10         0
                idataBANK0                          26F      26F       10         0

        CLASS   STRCODE        

        CLASS   STRING         
                strings                               3        3       29         0

        CLASS   CONST          

        CLASS   ENTRY          

        CLASS   COMMON         
                cstackCOMMON                         70       70        E         1

        CLASS   BANK0          
                cstackBANK0                          46       46       19         1
                dataBANK0                            5F       5F       10         1
                bssBANK0                             20       20       26         1

        CLASS   BANK1          
                dataBANK1                            C0       C0       10         1
                bssBANK1                             A0       A0       20         1

        CLASS   BANK2          

        CLASS   BANK3          

        CLASS   RAM            

        CLASS   ABS1           
                abs_s1                               7E       7E        2         1

        CLASS   SFR0           

        CLASS   SFR1           

        CLASS   SFR2           

        CLASS   SFR3           

        CLASS   CONFIG         

        CLASS   IDLOC          

        CLASS   EEDATA         

        CLASS   HEAP           

        CLASS   STACK          



SEGMENTS        Name                           Load    Length   Top    Selector   Space  Class     Delta

                reset_vec                      000000  000003  000003         0       0  CODE        2
                strings                        000003  000029  00002C         6       0  STRING      2
                bssBANK0                       000020  00004F  00006F        20       1  BANK0       1
                cstackCOMMON                   000070  00000E  00007E        70       1  COMMON      1
                bssBANK1                       0000A0  000030  0000D0        A0       1  BANK1       1
                text6                          000219  000008  000221       432       0  CODE        2
                clrtext                        000221  000008  000229       442       0  CODE        2
                text20                         000229  000009  000232       452       0  CODE        2
                text18                         000232  00000E  000240       464       0  CODE        2
                text2                          000240  00000F  00024F       480       0  CODE        2
                text15                         00024F  000010  00025F       49E       0  CODE        2
                idataBANK1                     00025F  000010  00026F       4BE       0  CODE        2
                idataBANK0                     00026F  000010  00027F       4DE       0  CODE        2
                text14                         00027F  000011  000290       4FE       0  CODE        2
                text7                          000290  000011  0002A1       520       0  CODE        2
                text11                         0002A1  000012  0002B3       542       0  CODE        2
                inittext                       0002B3  000013  0002C6       566       0  CODE        2
                text10                         0002C6  00001B  0002E1       58C       0  CODE        2
                text3                          0002E1  000021  000302       5C2       0  CODE        2
                text19                         000302  000023  000325       604       0  CODE        2
                text13                         000325  00002A  00034F       64A       0  CODE        2
                text17                         00034F  00002E  00037D       69E       0  CODE        2
                text8                          00037D  000057  0003D4       6FA       0  CODE        2
                text5                          0003D4  000057  00042B       7A8       0  CODE        2
                text9                          00042B  000063  00048E       856       0  CODE        2
                maintext                       00048E  00006C  0004FA       91C       0  CODE        2
                text12                         0004FA  00007D  000577       9F4       0  CODE        2
                text1                          000577  00008F  000606       AEE       0  CODE        2
                text16                         000606  0000BD  0006C3       C0C       0  CODE        2
                text4                          0006C3  00010E  0007D1       D86       0  CODE        2
                cinit                          0007D1  00002F  000800       FA2       0  CODE        2


UNUSED ADDRESS RANGES

        Name                Unused          Largest block    Delta
        BANK0            006F-006F              1           1
        BANK1            00D0-00EF             20           1
        BANK2            0110-016F             60           1
        BANK3            0190-01EF             60           1
        CODE             002C-0218            1ED           2
                         0800-1FFF            800
        CONFIG           2007-2008              2           2
        CONST            002C-0218            100           2
                         0800-1FFF            100
        EEDATA           2100-21FF            100           2
        ENTRY            002C-0218            100           2
                         0800-1FFF            100
        IDLOC            2000-2003              4           2
        RAM              006F-006F              1           1
                         00D0-00EF             20
                         0110-016F             60
                         0190-01EF             60
        SFR0             0000-001F             20           1
        SFR1             0080-009F             20           1
        SFR2             0100-010F             10           1
        SFR3             0180-018F             10           1
        STRCODE          002C-0218            1ED           2
                         0800-1FFF           1800
        STRING           002C-0218            100           2
                         0800-1FFF            100

                                  Symbol Table

?___awdiv                cstackCOMMON 0070
?___awmod                cstackCOMMON 0070
?_abs                    cstackCOMMON 0076
?_printf                 cstackBANK0  0058
?_vfprintf               cstackBANK0  0054
_ANSEL                   (abs)        0188
_ANSELH                  (abs)        0189
_PORTD                   (abs)        0008
_RA0                     (abs)        0028
_RA1                     (abs)        0029
_RA2                     (abs)        002A
_RA3                     (abs)        002B
_RA4                     (abs)        002C
_RA5                     (abs)        002D
_RE0                     (abs)        0048
_TRISA0                  (abs)        0428
_TRISA1                  (abs)        0429
_TRISA2                  (abs)        042A
_TRISA3                  (abs)        042B
_TRISA4                  (abs)        042C
_TRISA5                  (abs)        042D
_TRISD                   (abs)        0088
_TRISE0                  (abs)        0448
__H__absolute__          __absolute__ 0000
__Habs1                  abs1         0000
__Hbank0                 bank0        0000
__Hbank1                 bank1        0000
__Hbank2                 bank2        0000
__Hbank3                 bank3        0000
__HbssBANK0              bssBANK0     0000
__HbssBANK1              bssBANK1     0000
__Hcinit                 cinit        0800
__Hclrtext               clrtext      0000
__Hcode                  code         0000
__Hcommon                common       0000
__HcstackBANK0           cstackBANK0  0000
__HcstackCOMMON          cstackCOMMON 0000
__HdataBANK0             dataBANK0    0000
__HdataBANK1             dataBANK1    0000
__Heeprom_data           eeprom_data  0000
__Hend_init              end_init     0003
__Hfunctab               functab      0000
__Hheap                  heap         0000
__HidataBANK0            idataBANK0   0000
__HidataBANK1            idataBANK1   0000
__Hinit                  init         0000
__Hinittext              inittext     0000
__Hintentry              intentry     0000
__Hmaintext              maintext     0000
__Hpowerup               powerup      0000
__Hram                   ram          0000
__Hreset_vec             reset_vec    0000
__Hsfr0                  sfr0         0000
__Hsfr1                  sfr1         0000
__Hsfr2                  sfr2         0000
__Hsfr3                  sfr3         0000
__Hsivt                  sivt         0000
__Hspace_0               (abs)        0800
__Hspace_1               (abs)        00D0
__Hspace_2               (abs)        0000
__Hspace_3               (abs)        0000
__Hstack                 stack        0000
__Hstrings               strings      0000
__Htext                  text         0000
__L__absolute__          __absolute__ 0000
__Labs1                  abs1         0000
__Lbank0                 bank0        0000
__Lbank1                 bank1        0000
__Lbank2                 bank2        0000
__Lbank3                 bank3        0000
__LbssBANK0              bssBANK0     0000
__LbssBANK1              bssBANK1     0000
__Lcinit                 cinit        07D1
__Lclrtext               clrtext      0000
__Lcode                  code         0000
__Lcommon                common       0000
__LcstackBANK0           cstackBANK0  0000
__LcstackCOMMON          cstackCOMMON 0000
__LdataBANK0             dataBANK0    0000
__LdataBANK1             dataBANK1    0000
__Leeprom_data           eeprom_data  0000
__Lend_init              end_init     0000
__Lfunctab               functab      0000
__Lheap                  heap         0000
__LidataBANK0            idataBANK0   0000
__LidataBANK1            idataBANK1   0000
__Linit                  init         0000
__Linittext              inittext     0000
__Lintentry              intentry     0000
__Lmaintext              maintext     0000
__Lpowerup               powerup      0000
__Lram                   ram          0000
__Lreset_vec             reset_vec    0000
__Lsfr0                  sfr0         0000
__Lsfr1                  sfr1         0000
__Lsfr2                  sfr2         0000
__Lsfr3                  sfr3         0000
__Lsivt                  sivt         0000
__Lspace_0               (abs)        0000
__Lspace_1               (abs)        0000
__Lspace_2               (abs)        0000
__Lspace_3               (abs)        0000
__Lstack                 stack        0000
__Lstrings               strings      0000
__Ltext                  text         0000
__S0                     (abs)        0800
__S1                     (abs)        00D0
__S3                     (abs)        0000
___awdiv                 text9        042B
___awdiv@counter         cstackCOMMON 0074
___awdiv@dividend        cstackCOMMON 0072
___awdiv@divisor         cstackCOMMON 0070
___awdiv@quotient        cstackCOMMON 0076
___awdiv@sign            cstackCOMMON 0075
___awmod                 text8        037D
___awmod@counter         cstackCOMMON 0074
___awmod@dividend        cstackCOMMON 0072
___awmod@divisor         cstackCOMMON 0070
___awmod@sign            cstackCOMMON 0075
___heap_hi               (abs)        0000
___heap_lo               (abs)        0000
___int_sp                stack        0000
___int_stack_hi          stack        0000
___int_stack_lo          stack        0000
___latbits               (abs)        0002
___sp                    stack        0000
___stack_hi              stack        0000
___stack_lo              stack        0000
___stackhi               (abs)        0000
___stacklo               (abs)        0000
__end_of___awdiv         text9        048E
__end_of___awmod         text8        03D4
__end_of__initialization cinit        07FC
__end_of__stringtab      strings      0009
__end_of_abs             text7        02A1
__end_of_fputc           text5        042B
__end_of_init_key_matrix text20       0232
__end_of_isButtonNumber  text19       0325
__end_of_lcd_clear       text15       025F
__end_of_lcd_command     text14       0290
__end_of_lcd_delay       text18       0240
__end_of_lcd_gotoxy      text13       034F
__end_of_lcd_init        text12       0577
__end_of_lcd_putc        text11       02B3
__end_of_lcd_puts        text10       02E1
__end_of_lcd_wait_busy   text17       037D
__end_of_main            maintext     04FA
__end_of_printf          text2        024F
__end_of_putch           text6        0221
__end_of_scan_key_matrix text1        0606
__end_of_segCC           strings      0013
__end_of_vfpfcnvrt       text4        07D1
__end_of_vfprintf        text3        0302
__end_of_write_data      text16       06C3
__initialization         cinit        07D1
__pbssBANK0              bssBANK0     0020
__pbssBANK1              bssBANK1     00A0
__pcstackBANK0           cstackBANK0  0046
__pcstackCOMMON          cstackCOMMON 0070
__pdataBANK0             dataBANK0    005F
__pdataBANK1             dataBANK1    00C0
__pidataBANK0            idataBANK0   026F
__pidataBANK1            idataBANK1   025F
__pmaintext              maintext     048E
__pstrings               strings      0003
__ptext1                 text1        0577
__ptext10                text10       02C6
__ptext11                text11       02A1
__ptext12                text12       04FA
__ptext13                text13       0325
__ptext14                text14       027F
__ptext15                text15       024F
__ptext16                text16       0606
__ptext17                text17       034F
__ptext18                text18       0232
__ptext19                text19       0302
__ptext2                 text2        0240
__ptext20                text20       0229
__ptext3                 text3        02E1
__ptext4                 text4        06C3
__ptext5                 text5        03D4
__ptext6                 text6        0219
__ptext7                 text7        0290
__ptext8                 text8        037D
__ptext9                 text9        042B
__stringbase             strings      0008
__stringtab              strings      0003
_abs                     text7        0290
_arrayMapOfNumber        dataBANK1    00C0
_arrayMaskInputOfButton  dataBANK0    005F
_arrayMaskInputOfKey     dataBANK0    0067
_arrayMaskOutputOfKey    dataBANK0    006B
_dbuf                    bssBANK1     00A0
_flags                   bssBANK0     0044
_fputc                   text5        03D4
_init_key_matrix         text20       0229
_isButtonNumber          text19       0302
_key_code                bssBANK0     0020
_lcd_clear               text15       024F
_lcd_command             text14       027F
_lcd_delay               text18       0232
_lcd_gotoxy              text13       0325
_lcd_init                text12       04FA
_lcd_putc                text11       02A1
_lcd_puts                text10       02C6
_lcd_wait_busy           text17       034F
_main                    maintext     048E
_numberValue             bssBANK0     0045
_prec                    bssBANK0     0042
_printf                  text2        0240
_putch                   text6        0219
_scan_key_matrix         text1        0577
_vfpfcnvrt               text4        06C3
_vfprintf                text3        02E1
_width                   bssBANK0     0040
_write_data              text16       0606
abs@a                    cstackCOMMON 0076
btemp                    (abs)        007E
btemp0                   (abs)        007E
btemp1                   (abs)        007F
clear_ram0               clrtext      0221
end_of_initialization    cinit        07FC
fputc@c                  cstackCOMMON 0078
fputc@fp                 cstackCOMMON 007A
init_fetch0              inittext     02B3
init_ram0                inittext     02B7
intlevel0                functab      0000
intlevel1                functab      0000
intlevel2                functab      0000
intlevel3                functab      0000
intlevel4                functab      0000
intlevel5                functab      0000
isButtonNumber@i         cstackCOMMON 0073
lcd_command@_command     cstackCOMMON 0076
lcd_delay@time           cstackCOMMON 0070
lcd_gotoxy@address       cstackCOMMON 0079
lcd_gotoxy@col           cstackCOMMON 0078
lcd_gotoxy@row           cstackCOMMON 0077
lcd_putc@charactor       cstackCOMMON 0076
lcd_puts@string_char     cstackCOMMON 0077
lcd_wait_busy@busy       cstackCOMMON 0072
ltemp0a                  (abs)        0080
nosup@@$_$_CONFIG        (abs)        0000
printf@ap                cstackBANK0  005B
printf@fmt               cstackBANK0  0058
putch@c                  cstackCOMMON 0077
reset_vec                reset_vec    0000
scan_key_matrix@i        cstackBANK0  0046
scan_key_matrix@j        cstackBANK0  0048
start                    init         0000
start_initialization     cinit        07D1
ttemp0a                  (abs)        007F
vfpfcnvrt@ap             cstackCOMMON 007D
vfpfcnvrt@c              cstackBANK0  0053
vfpfcnvrt@convarg        cstackBANK0  004F
vfpfcnvrt@cp             cstackBANK0  004E
vfpfcnvrt@done           cstackBANK0  004D
vfpfcnvrt@fmt            cstackCOMMON 007C
vfpfcnvrt@fp             cstackCOMMON 007B
vfprintf@ap              cstackBANK0  0056
vfprintf@cfmt            cstackBANK0  0057
vfprintf@fmt             cstackBANK0  0055
vfprintf@fp              cstackBANK0  0054
write_data@H_data        cstackCOMMON 0074
write_data@L_data        cstackCOMMON 0075
write_data@_data         cstackCOMMON 0073
wtemp0                   (abs)        007E
wtemp0a                  (abs)        007F


MODULE INFORMATION

Module		Function		Class		Link	Load	Size
button.c
		_init_key_matrix		CODE           	0229	0000	9
		_scan_key_matrix		CODE           	0577	0000	143

button.c estimated size: 152

C:\Program Files\Microchip\xc8\v3.10\pic\sources\c99\common\awmod.c
		___awmod       		CODE           	037D	0000	87

C:\Program Files\Microchip\xc8\v3.10\pic\sources\c99\common\awmod.c estimated size: 87

C:\Program Files\Microchip\xc8\v3.10\pic\sources\c99\common\abs.c
		_abs           		CODE           	0290	0000	17

C:\Program Files\Microchip\xc8\v3.10\pic\sources\c99\common\abs.c estimated size: 17

C:\Program Files\Microchip\xc8\v3.10\pic\sources\c99\common\printf.c
		_printf        		CODE           	0240	0000	15

C:\Program Files\Microchip\xc8\v3.10\pic\sources\c99\common\printf.c estimated size: 15

C:\Program Files\Microchip\xc8\v3.10\pic\sources\c99\common\awdiv.c
		___awdiv       		CODE           	042B	0000	99

C:\Program Files\Microchip\xc8\v3.10\pic\sources\c99\common\awdiv.c estimated size: 99

shared
		__stringtab    		STRING         	0003	0000	6
		_segCC         		STRING         	0000	0000	0
		__initialization		CODE           	07D1	0000	43

shared estimated size: 49

C:\Program Files\Microchip\xc8\v3.10\pic\sources\c99\common\nf_fputc.c
		_fputc         		CODE           	03D4	0000	87

C:\Program Files\Microchip\xc8\v3.10\pic\sources\c99\common\nf_fputc.c estimated size: 87

lcd.c
		_lcd_wait_busy 		CODE           	034F	0000	46
		_lcd_command   		CODE           	027F	0000	17
		_lcd_delay     		CODE           	0232	0000	14
		_lcd_putc      		CODE           	02A1	0000	18
		_lcd_puts      		CODE           	02C6	0000	27
		_write_data    		CODE           	0606	0000	189
		_putch         		CODE           	0219	0000	8
		_lcd_clear     		CODE           	024F	0000	16
		_lcd_gotoxy    		CODE           	0325	0000	42
		_lcd_init      		CODE           	04FA	0000	125

lcd.c estimated size: 502

C:\Program Files\Microchip\xc8\v3.10\pic\sources\c99\common\doprnt.c
		_vfpfcnvrt     		CODE           	06C3	0000	270
		_vfprintf      		CODE           	02E1	0000	33

C:\Program Files\Microchip\xc8\v3.10\pic\sources\c99\common\doprnt.c estimated size: 303

main.c
		_isButtonNumber		CODE           	0302	0000	35
		_main          		CODE           	048E	0000	108

main.c estimated size: 143

