Microchip MPLAB XC8 Compiler V3.10

Linker command line:

-W-3 \
  --edf=C:\Program Files\Microchip\xc8\v3.10\pic\dat\20250813170317_en.msgs \
  -cn -h+dist/default/production\PIC16F877.production.sym \
  --cmf=dist/default/production\PIC16F877.production.cmf -z -Q16F887 \
  -oC:\Users\TranVy\AppData\Local\Temp\xcAscrg.0\driver_tmp_3.o \
  --defsym=__MPLAB_BUILD=1 --fixupoverflow=error \
  -Mdist/default/production/PIC16F877.production.map \
  --md=C:\Users\TranVy\AppData\Local\Temp\xcAscrg.0\driver_tmp_0.dat -E1 \
  -ver=XC8 Compiler -ACODE=00h-07FFhx4 -ASTRCODE=00h-01FFFh \
  -ASTRING=00h-0FFhx32 -ACONST=00h-0FFhx32 -AENTRY=00h-0FFhx32 \
  -ACOMMON=070h-07Fh -ABANK0=020h-06Fh -ABANK1=0A0h-0EFh \
  -ABANK2=0110h-016Fh -ABANK3=0190h-01EFh \
  -ARAM=020h-06Fh,0A0h-0EFh,0110h-016Fh,0190h-01EFh \
  -AABS1=020h-07Fh,0A0h-0EFh,0110h-016Fh,0190h-01EFh -ASFR0=00h-01Fh \
  -ASFR1=080h-09Fh -ASFR2=0100h-010Fh -ASFR3=0180h-018Fh \
  -ACONFIG=02007h-02008h -DCONFIG=2 -AIDLOC=02000h-02003h -DIDLOC=2 \
  -AEEDATA=00h-0FFh/02100h -peeprom_data=EEDATA -DEEDATA=2 -DCODE=2 \
  -DSTRCODE=2 -DSTRING=2 -DCONST=2 -DENTRY=2 \
  -preset_vec=00h,intentry=04h,sivt,init,end_init -ppowerup=CODE \
  -pcinit=CODE -pfunctab=ENTRY -k \
  C:\Users\TranVy\AppData\Local\Temp\xcAscrg.0\driver_tmp_12.o \
  dist/default/production\PIC16F877.production.o 

Object code version is 3.11

Machine type is 16F887



                Name                               Link     Load   Length Selector   Space Scale
C:\Users\TranVy\AppData\Local\Temp\xcAscrg.0\driver_tmp_12.o
                end_init                              C        C        3        8       0
                reset_vec                             0        0        3        0       0
dist/default/production\PIC16F877.production.o
                cinit                                 F        F       26        8       0
                intentry                              4        4        8        8       0
                text3                                EB       EB       2B        8       0
                text2                               14A      14A        8        8       0
                text1                                35       35       7C        8       0
                maintext                            116      116       21        8       0
                cstackBANK0                          5A       5A        7       20       1
                cstackCOMMON                         74       74        4       70       1
                inittext                            137      137       13        8       0
                dataBANK0                            20       20       3A       20       1
                bssBANK0                             61       61        4       20       1
                dataCOMMON                           78       78        2       70       1
                bssCOMMON                            70       70        4       70       1
                idataBANK0                           B1       B1       3A        8       0
                idataCOMMON                         152      152        2        8       0

TOTAL           Name                               Link     Load   Length     Space
        CLASS   CODE           
                end_init                              C        C        3         0
                cinit                                 F        F       26         0
                intentry                              4        4        8         0
                reset_vec                             0        0        3         0
                text3                                EB       EB       2B         0
                text2                               14A      14A        8         0
                text1                                35       35       7C         0
                maintext                            116      116       21         0
                inittext                            137      137       13         0
                idataBANK0                           B1       B1       3A         0
                idataCOMMON                         152      152        2         0

        CLASS   STRCODE        

        CLASS   STRING         

        CLASS   CONST          

        CLASS   ENTRY          

        CLASS   COMMON         
                cstackCOMMON                         74       74        4         1
                dataCOMMON                           78       78        2         1
                bssCOMMON                            70       70        4         1

        CLASS   BANK0          
                cstackBANK0                          5A       5A        7         1
                dataBANK0                            20       20       3A         1
                bssBANK0                             61       61        4         1

        CLASS   BANK1          

        CLASS   BANK2          

        CLASS   BANK3          

        CLASS   RAM            

        CLASS   ABS1           
                abs_s1                               7E       7E        2         1

        CLASS   SFR0           

        CLASS   SFR1           

        CLASS   SFR2           

        CLASS   SFR3           

        CLASS   CONFIG         

        CLASS   IDLOC          

        CLASS   EEDATA         

        CLASS   HEAP           

        CLASS   STACK          



SEGMENTS        Name                           Load    Length   Top    Selector   Space  Class     Delta

                reset_vec                      000000  000003  000003         0       0  CODE        2
                intentry                       000004  000150  000154         8       0  CODE        2
                dataBANK0                      000020  000045  000065        20       1  BANK0       1
                bssCOMMON                      000070  00000A  00007A        70       1  COMMON      1


UNUSED ADDRESS RANGES

        Name                Unused          Largest block    Delta
        BANK0            065-06F             B           1
        BANK1            0A0-0EF            50           1
        BANK2            110-16F            60           1
        BANK3            190-1EF            60           1
        CODE             003-003             1           2
                         154-1FFF           800
        COMMON           07A-07D             4           1
        CONFIG           2007-2008             2           2
        CONST            003-003             1           2
                         154-1FFF           100
        EEDATA           2100-21FF           100           2
        ENTRY            003-003             1           2
                         154-1FFF           100
        IDLOC            2000-2003             4           2
        RAM              065-06F             B           1
                         0A0-0EF            50
                         110-16F            60
                         190-1EF            60
        SFR0             000-01F            20           1
        SFR1             080-09F            20           1
        SFR2             100-10F            10           1
        SFR3             180-18F            10           1
        STRCODE          003-003             1           2
                         154-1FFF          1EAC
        STRING           003-003             1           2
                         154-1FFF           100

                                  Symbol Table

ONOFFLED@i                    cstackBANK0  05F
ONOFFLED@i_62                 cstackBANK0  05D
_ANSEL                        (abs)        188
_ANSELH                       (abs)        189
_Button                       dataBANK0    020
_GIE                          (abs)        05F
_IOCB                         (abs)        096
_Initialize_interrupt         text2        14A
_ONOFFLED                     text1        035
_PD                           dataBANK0    034
_PORTB                        (abs)        006
_PORTC                        (abs)        007
_PORTD                        (abs)        008
_PORTE                        (abs)        009
_RB0                          (abs)        030
_RB1                          (abs)        031
_RB2                          (abs)        032
_RBIE                         (abs)        05B
_RBIF                         (abs)        058
_RE1                          (abs)        049
_RE2                          (abs)        04A
_TRISB                        (abs)        086
_TRISC                        (abs)        087
_TRISD                        (abs)        088
_TRISE1                       (abs)        449
_TRISE2                       (abs)        44A
__H__absolute__               __absolute__ 000
__Habs1                       abs1         000
__Hbank0                      bank0        000
__Hbank1                      bank1        000
__Hbank2                      bank2        000
__Hbank3                      bank3        000
__HbssBANK0                   bssBANK0     000
__HbssCOMMON                  bssCOMMON    000
__Hcinit                      cinit        035
__Hclrtext                    clrtext      000
__Hcode                       code         000
__Hcommon                     common       000
__HcstackBANK0                cstackBANK0  000
__HcstackCOMMON               cstackCOMMON 000
__HdataBANK0                  dataBANK0    000
__HdataCOMMON                 dataCOMMON   000
__Heeprom_data                eeprom_data  000
__Hend_init                   end_init     00F
__Hfunctab                    functab      000
__Hheap                       heap         000
__HidataBANK0                 idataBANK0   000
__HidataCOMMON                idataCOMMON  000
__Hinit                       init         00C
__Hinittext                   inittext     000
__Hintentry                   intentry     00C
__Hmaintext                   maintext     000
__Hpowerup                    powerup      000
__Hram                        ram          000
__Hreset_vec                  reset_vec    003
__Hsfr0                       sfr0         000
__Hsfr1                       sfr1         000
__Hsfr2                       sfr2         000
__Hsfr3                       sfr3         000
__Hsivt                       sivt         00C
__Hspace_0                    (abs)        154
__Hspace_1                    (abs)        07A
__Hspace_2                    (abs)        000
__Hspace_3                    (abs)        000
__Hstack                      stack        000
__Hstrings                    strings      000
__Htext                       text         000
__L__absolute__               __absolute__ 000
__Labs1                       abs1         000
__Lbank0                      bank0        000
__Lbank1                      bank1        000
__Lbank2                      bank2        000
__Lbank3                      bank3        000
__LbssBANK0                   bssBANK0     000
__LbssCOMMON                  bssCOMMON    000
__Lcinit                      cinit        00F
__Lclrtext                    clrtext      000
__Lcode                       code         000
__Lcommon                     common       000
__LcstackBANK0                cstackBANK0  000
__LcstackCOMMON               cstackCOMMON 000
__LdataBANK0                  dataBANK0    000
__LdataCOMMON                 dataCOMMON   000
__Leeprom_data                eeprom_data  000
__Lend_init                   end_init     00C
__Lfunctab                    functab      000
__Lheap                       heap         000
__LidataBANK0                 idataBANK0   000
__LidataCOMMON                idataCOMMON  000
__Linit                       init         00C
__Linittext                   inittext     000
__Lintentry                   intentry     004
__Lmaintext                   maintext     000
__Lpowerup                    powerup      000
__Lram                        ram          000
__Lreset_vec                  reset_vec    000
__Lsfr0                       sfr0         000
__Lsfr1                       sfr1         000
__Lsfr2                       sfr2         000
__Lsfr3                       sfr3         000
__Lsivt                       sivt         00C
__Lspace_0                    (abs)        000
__Lspace_1                    (abs)        000
__Lspace_2                    (abs)        000
__Lspace_3                    (abs)        000
__Lstack                      stack        000
__Lstrings                    strings      000
__Ltext                       text         000
__S0                          (abs)        154
__S1                          (abs)        07A
__S3                          (abs)        000
___heap_hi                    (abs)        000
___heap_lo                    (abs)        000
___int_sp                     stack        000
___int_stack_hi               stack        000
___int_stack_lo               stack        000
___latbits                    (abs)        002
___sp                         stack        000
___stack_hi                   stack        000
___stack_lo                   stack        000
___stackhi                    (abs)        000
___stacklo                    (abs)        000
__end_of_Initialize_interrupt text2        152
__end_of_ONOFFLED             text1        0B1
__end_of__initialization      cinit        031
__end_of_isr                  text3        116
__end_of_main                 maintext     137
__initialization              cinit        00F
__pbssBANK0                   bssBANK0     061
__pbssCOMMON                  bssCOMMON    070
__pcstackBANK0                cstackBANK0  05A
__pcstackCOMMON               cstackCOMMON 074
__pdataBANK0                  dataBANK0    020
__pdataCOMMON                 dataCOMMON   078
__pidataBANK0                 idataBANK0   0B1
__pidataCOMMON                idataCOMMON  152
__pintentry                   intentry     004
__pmaintext                   maintext     116
__ptext1                      text1        035
__ptext2                      text2        14A
__ptext3                      text3        0EB
_a                            dataBANK0    048
_isr                          text3        0EB
_main                         maintext     116
_portc                        dataCOMMON   078
_portd                        bssBANK0     061
_read_dataPortB               bssCOMMON    070
btemp                         (abs)        07E
btemp0                        (abs)        07E
btemp1                        (abs)        07F
end_of_initialization         cinit        031
init_fetch0                   inittext     137
init_ram0                     inittext     13B
interrupt_function            intentry     004
intlevel0                     functab      000
intlevel1                     functab      000
intlevel2                     functab      000
intlevel3                     functab      000
intlevel4                     functab      000
intlevel5                     functab      000
ltemp0a                       (abs)        080
nosup@@$_$_CONFIG             (abs)        000
reset_vec                     reset_vec    000
saved_w                       (abs)        07E
start                         init         00C
start_initialization          cinit        00F
ttemp0a                       (abs)        07F
wtemp0                        (abs)        07E
wtemp0a                       (abs)        07F


MODULE INFORMATION

Module		Function		Class		Link	Load	Size
./interrupt.h
		_Initialize_interrupt		CODE           	014A	0000	8
		_isr           		CODE           	00EB	0000	43

./interrupt.h estimated size: 51

shared
		__initialization		CODE           	000F	0000	34

shared estimated size: 34

main.c
		_main          		CODE           	0116	0000	33
		_ONOFFLED      		CODE           	0035	0000	124

main.c estimated size: 157

