Microchip MPLAB XC8 Compiler V3.10

Linker command line:

-W-3 \
  --edf=C:\Program Files\Microchip\xc8\v3.10\pic\dat\20250813170317_en.msgs \
  -cn -h+dist/default/production\LCD_KEYPAB.X.production.sym \
  --cmf=dist/default/production\LCD_KEYPAB.X.production.cmf -z -Q16F877A \
  -oC:\Users\TranVy\AppData\Local\Temp\xcAsa3c.0\driver_tmp_3.o \
  --defsym=__MPLAB_BUILD=1 --fixupoverflow=error \
  -Mdist/default/production/LCD_KEYPAB.X.production.map \
  --md=C:\Users\TranVy\AppData\Local\Temp\xcAsa3c.0\driver_tmp_0.dat -E1 \
  -ver=XC8 Compiler -ACODE=00h-07FFhx4 -ASTRCODE=00h-01FFFh \
  -ASTRING=00h-0FFhx32 -ACONST=00h-0FFhx32 -AENTRY=00h-0FFhx32 \
  -ACOMMON=070h-07Fh -ABANK0=020h-06Fh -ABANK1=0A0h-0EFh \
  -ABANK2=0110h-016Fh -ABANK3=0190h-01EFh \
  -ARAM=020h-06Fh,0A0h-0EFh,0110h-016Fh,0190h-01EFh \
  -AABS1=020h-07Fh,0A0h-0EFh,0110h-016Fh,0190h-01EFh -ASFR0=00h-01Fh \
  -ASFR1=080h-09Fh -ASFR2=0100h-010Fh -ASFR3=0180h-018Fh \
  -ACONFIG=02007h-02007h -DCONFIG=2 -AIDLOC=02000h-02003h -DIDLOC=2 \
  -AEEDATA=00h-0FFh/02100h -peeprom_data=EEDATA -DEEDATA=2 -DCODE=2 \
  -DSTRCODE=2 -DSTRING=2 -DCONST=2 -DENTRY=2 \
  -preset_vec=00h,intentry,sivt,init,end_init -ppowerup=CODE -pcinit=CODE \
  -pfunctab=ENTRY -k \
  C:\Users\TranVy\AppData\Local\Temp\xcAsa3c.0\driver_tmp_17.o \
  dist/default/production\LCD_KEYPAB.X.production.o 

Object code version is 3.11

Machine type is 16F877A



                Name                               Link     Load   Length Selector   Space Scale
C:\Users\TranVy\AppData\Local\Temp\xcAsa3c.0\driver_tmp_17.o
                end_init                              0        0        3        0       0
dist/default/production\LCD_KEYPAB.X.production.o
                cinit                               7D1      7D1       2F      FA2       0
                text20                              22D      22D        9      45A       0
                text19                              306      306       23      60C       0
                text18                              236      236        E      46C       0
                text17                              353      353       2E      6A6       0
                text16                              606      606       BD      C0C       0
                text15                              253      253       10      4A6       0
                text14                              283      283       11      506       0
                text13                              329      329       2A      652       0
                text12                              4FA      4FA       7D      9F4       0
                text11                              2A5      2A5       12      54A       0
                text10                              2CA      2CA       1B      594       0
                text9                               42F      42F       63      85E       0
                text8                               381      381       57      702       0
                text7                               294      294       11      528       0
                text6                               21D      21D        8      43A       0
                text5                               3D8      3D8       57      7B0       0
                text4                               6C3      6C3      10E      D86       0
                text3                               2E5      2E5       21      5CA       0
                text2                               244      244        F      488       0
                text1                               577      577       8F      AEE       0
                maintext                            492      492       68      924       0
                cstackBANK0                          46       46       19       20       1
                cstackCOMMON                         70       70        E       70       1
                clrtext                             225      225        8      44A       0
                inittext                            2B7      2B7       13      56E       0
                dataBANK1                            C0       C0       10       A0       1
                bssBANK1                             A0       A0       20       A0       1
                dataBANK0                            5F       5F       10       20       1
                bssBANK0                             20       20       26       20       1
                strings                               3        3       29        6       0
                idataBANK1                          263      263       10      4C6       0
                idataBANK0                          273      273       10      4E6       0

TOTAL           Name                               Link     Load   Length     Space
        CLASS   CODE           
                end_init                              0        0        3         0
                cinit                               7D1      7D1       2F         0
                text20                              22D      22D        9         0
                text19                              306      306       23         0
                text18                              236      236        E         0
                text17                              353      353       2E         0
                text16                              606      606       BD         0
                text15                              253      253       10         0
                text14                              283      283       11         0
                text13                              329      329       2A         0
                text12                              4FA      4FA       7D         0
                text11                              2A5      2A5       12         0
                text10                              2CA      2CA       1B         0
                text9                               42F      42F       63         0
                text8                               381      381       57         0
                text7                               294      294       11         0
                text6                               21D      21D        8         0
                text5                               3D8      3D8       57         0
                text4                               6C3      6C3      10E         0
                text3                               2E5      2E5       21         0
                text2                               244      244        F         0
                text1                               577      577       8F         0
                maintext                            492      492       68         0
                clrtext                             225      225        8         0
                inittext                            2B7      2B7       13         0
                idataBANK1                          263      263       10         0
                idataBANK0                          273      273       10         0

        CLASS   STRCODE        

        CLASS   STRING         
                strings                               3        3       29         0

        CLASS   CONST          

        CLASS   ENTRY          

        CLASS   COMMON         
                cstackCOMMON                         70       70        E         1

        CLASS   BANK0          
                cstackBANK0                          46       46       19         1
                dataBANK0                            5F       5F       10         1
                bssBANK0                             20       20       26         1

        CLASS   BANK1          
                dataBANK1                            C0       C0       10         1
                bssBANK1                             A0       A0       20         1

        CLASS   BANK2          

        CLASS   BANK3          

        CLASS   RAM            

        CLASS   ABS1           
                abs_s1                               7E       7E        2         1

        CLASS   SFR0           

        CLASS   SFR1           

        CLASS   SFR2           

        CLASS   SFR3           

        CLASS   CONFIG         

        CLASS   IDLOC          

        CLASS   EEDATA         

        CLASS   HEAP           

        CLASS   STACK          



SEGMENTS        Name                           Load    Length   Top    Selector   Space  Class     Delta

                reset_vec                      000000  000003  000003         0       0  CODE        2
                strings                        000003  000029  00002C         6       0  STRING      2
                bssBANK0                       000020  00004F  00006F        20       1  BANK0       1
                cstackCOMMON                   000070  00000E  00007E        70       1  COMMON      1
                bssBANK1                       0000A0  000030  0000D0        A0       1  BANK1       1
                text6                          00021D  000008  000225       43A       0  CODE        2
                clrtext                        000225  000008  00022D       44A       0  CODE        2
                text20                         00022D  000009  000236       45A       0  CODE        2
                text18                         000236  00000E  000244       46C       0  CODE        2
                text2                          000244  00000F  000253       488       0  CODE        2
                text15                         000253  000010  000263       4A6       0  CODE        2
                idataBANK1                     000263  000010  000273       4C6       0  CODE        2
                idataBANK0                     000273  000010  000283       4E6       0  CODE        2
                text14                         000283  000011  000294       506       0  CODE        2
                text7                          000294  000011  0002A5       528       0  CODE        2
                text11                         0002A5  000012  0002B7       54A       0  CODE        2
                inittext                       0002B7  000013  0002CA       56E       0  CODE        2
                text10                         0002CA  00001B  0002E5       594       0  CODE        2
                text3                          0002E5  000021  000306       5CA       0  CODE        2
                text19                         000306  000023  000329       60C       0  CODE        2
                text13                         000329  00002A  000353       652       0  CODE        2
                text17                         000353  00002E  000381       6A6       0  CODE        2
                text8                          000381  000057  0003D8       702       0  CODE        2
                text5                          0003D8  000057  00042F       7B0       0  CODE        2
                text9                          00042F  000063  000492       85E       0  CODE        2
                maintext                       000492  000068  0004FA       924       0  CODE        2
                text12                         0004FA  00007D  000577       9F4       0  CODE        2
                text1                          000577  00008F  000606       AEE       0  CODE        2
                text16                         000606  0000BD  0006C3       C0C       0  CODE        2
                text4                          0006C3  00010E  0007D1       D86       0  CODE        2
                cinit                          0007D1  00002F  000800       FA2       0  CODE        2


UNUSED ADDRESS RANGES

        Name                Unused          Largest block    Delta
        BANK0            006F-006F              1           1
        BANK1            00D0-00EF             20           1
        BANK2            0110-016F             60           1
        BANK3            0190-01EF             60           1
        CODE             002C-021C            1F1           2
                         0800-1FFF            800
        CONFIG           2007-2007              1           2
        CONST            002C-021C            100           2
                         0800-1FFF            100
        EEDATA           2100-21FF            100           2
        ENTRY            002C-021C            100           2
                         0800-1FFF            100
        IDLOC            2000-2003              4           2
        RAM              006F-006F              1           1
                         00D0-00EF             20
                         0110-016F             60
                         0190-01EF             60
        SFR0             0000-001F             20           1
        SFR1             0080-009F             20           1
        SFR2             0100-010F             10           1
        SFR3             0180-018F             10           1
        STRCODE          002C-021C            1F1           2
                         0800-1FFF           1800
        STRING           002C-021C            100           2
                         0800-1FFF            100

                                  Symbol Table

?___awdiv                cstackCOMMON 0070
?___awmod                cstackCOMMON 0070
?_abs                    cstackCOMMON 0076
?_printf                 cstackBANK0  0058
?_vfprintf               cstackBANK0  0054
_PORTD                   (abs)        0008
_RA0                     (abs)        0028
_RA1                     (abs)        0029
_RA2                     (abs)        002A
_RA3                     (abs)        002B
_RA4                     (abs)        002C
_RA5                     (abs)        002D
_RE0                     (abs)        0048
_TRISA0                  (abs)        0428
_TRISA1                  (abs)        0429
_TRISA2                  (abs)        042A
_TRISA3                  (abs)        042B
_TRISA4                  (abs)        042C
_TRISA5                  (abs)        042D
_TRISD                   (abs)        0088
_TRISE0                  (abs)        0448
__H__absolute__          __absolute__ 0000
__Habs1                  abs1         0000
__Hbank0                 bank0        0000
__Hbank1                 bank1        0000
__Hbank2                 bank2        0000
__Hbank3                 bank3        0000
__HbssBANK0              bssBANK0     0000
__HbssBANK1              bssBANK1     0000
__Hcinit                 cinit        0800
__Hclrtext               clrtext      0000
__Hcode                  code         0000
__Hcommon                common       0000
__HcstackBANK0           cstackBANK0  0000
__HcstackCOMMON          cstackCOMMON 0000
__HdataBANK0             dataBANK0    0000
__HdataBANK1             dataBANK1    0000
__Heeprom_data           eeprom_data  0000
__Hend_init              end_init     0003
__Hfunctab               functab      0000
__Hheap                  heap         0000
__HidataBANK0            idataBANK0   0000
__HidataBANK1            idataBANK1   0000
__Hinit                  init         0000
__Hinittext              inittext     0000
__Hintentry              intentry     0000
__Hmaintext              maintext     0000
__Hpowerup               powerup      0000
__Hram                   ram          0000
__Hreset_vec             reset_vec    0000
__Hsfr0                  sfr0         0000
__Hsfr1                  sfr1         0000
__Hsfr2                  sfr2         0000
__Hsfr3                  sfr3         0000
__Hsivt                  sivt         0000
__Hspace_0               (abs)        0800
__Hspace_1               (abs)        00D0
__Hspace_2               (abs)        0000
__Hspace_3               (abs)        0000
__Hstack                 stack        0000
__Hstrings               strings      0000
__Htext                  text         0000
__L__absolute__          __absolute__ 0000
__Labs1                  abs1         0000
__Lbank0                 bank0        0000
__Lbank1                 bank1        0000
__Lbank2                 bank2        0000
__Lbank3                 bank3        0000
__LbssBANK0              bssBANK0     0000
__LbssBANK1              bssBANK1     0000
__Lcinit                 cinit        07D1
__Lclrtext               clrtext      0000
__Lcode                  code         0000
__Lcommon                common       0000
__LcstackBANK0           cstackBANK0  0000
__LcstackCOMMON          cstackCOMMON 0000
__LdataBANK0             dataBANK0    0000
__LdataBANK1             dataBANK1    0000
__Leeprom_data           eeprom_data  0000
__Lend_init              end_init     0000
__Lfunctab               functab      0000
__Lheap                  heap         0000
__LidataBANK0            idataBANK0   0000
__LidataBANK1            idataBANK1   0000
__Linit                  init         0000
__Linittext              inittext     0000
__Lintentry              intentry     0000
__Lmaintext              maintext     0000
__Lpowerup               powerup      0000
__Lram                   ram          0000
__Lreset_vec             reset_vec    0000
__Lsfr0                  sfr0         0000
__Lsfr1                  sfr1         0000
__Lsfr2                  sfr2         0000
__Lsfr3                  sfr3         0000
__Lsivt                  sivt         0000
__Lspace_0               (abs)        0000
__Lspace_1               (abs)        0000
__Lspace_2               (abs)        0000
__Lspace_3               (abs)        0000
__Lstack                 stack        0000
__Lstrings               strings      0000
__Ltext                  text         0000
__S0                     (abs)        0800
__S1                     (abs)        00D0
__S3                     (abs)        0000
___awdiv                 text9        042F
___awdiv@counter         cstackCOMMON 0074
___awdiv@dividend        cstackCOMMON 0072
___awdiv@divisor         cstackCOMMON 0070
___awdiv@quotient        cstackCOMMON 0076
___awdiv@sign            cstackCOMMON 0075
___awmod                 text8        0381
___awmod@counter         cstackCOMMON 0074
___awmod@dividend        cstackCOMMON 0072
___awmod@divisor         cstackCOMMON 0070
___awmod@sign            cstackCOMMON 0075
___heap_hi               (abs)        0000
___heap_lo               (abs)        0000
___int_sp                stack        0000
___int_stack_hi          stack        0000
___int_stack_lo          stack        0000
___latbits               (abs)        0002
___sp                    stack        0000
___stack_hi              stack        0000
___stack_lo              stack        0000
___stackhi               (abs)        0000
___stacklo               (abs)        0000
__end_of___awdiv         text9        0492
__end_of___awmod         text8        03D8
__end_of__initialization cinit        07FC
__end_of__stringtab      strings      0009
__end_of_abs             text7        02A5
__end_of_fputc           text5        042F
__end_of_init_key_matrix text20       0236
__end_of_isButtonNumber  text19       0329
__end_of_lcd_clear       text15       0263
__end_of_lcd_command     text14       0294
__end_of_lcd_delay       text18       0244
__end_of_lcd_gotoxy      text13       0353
__end_of_lcd_init        text12       0577
__end_of_lcd_putc        text11       02B7
__end_of_lcd_puts        text10       02E5
__end_of_lcd_wait_busy   text17       0381
__end_of_main            maintext     04FA
__end_of_printf          text2        0253
__end_of_putch           text6        0225
__end_of_scan_key_matrix text1        0606
__end_of_segCC           strings      0013
__end_of_vfpfcnvrt       text4        07D1
__end_of_vfprintf        text3        0306
__end_of_write_data      text16       06C3
__initialization         cinit        07D1
__pbssBANK0              bssBANK0     0020
__pbssBANK1              bssBANK1     00A0
__pcstackBANK0           cstackBANK0  0046
__pcstackCOMMON          cstackCOMMON 0070
__pdataBANK0             dataBANK0    005F
__pdataBANK1             dataBANK1    00C0
__pidataBANK0            idataBANK0   0273
__pidataBANK1            idataBANK1   0263
__pmaintext              maintext     0492
__pstrings               strings      0003
__ptext1                 text1        0577
__ptext10                text10       02CA
__ptext11                text11       02A5
__ptext12                text12       04FA
__ptext13                text13       0329
__ptext14                text14       0283
__ptext15                text15       0253
__ptext16                text16       0606
__ptext17                text17       0353
__ptext18                text18       0236
__ptext19                text19       0306
__ptext2                 text2        0244
__ptext20                text20       022D
__ptext3                 text3        02E5
__ptext4                 text4        06C3
__ptext5                 text5        03D8
__ptext6                 text6        021D
__ptext7                 text7        0294
__ptext8                 text8        0381
__ptext9                 text9        042F
__stringbase             strings      0008
__stringtab              strings      0003
_abs                     text7        0294
_arrayMapOfNumber        dataBANK1    00C0
_arrayMaskInputOfButton  dataBANK0    005F
_arrayMaskInputOfKey     dataBANK0    0067
_arrayMaskOutputOfKey    dataBANK0    006B
_dbuf                    bssBANK1     00A0
_flags                   bssBANK0     0044
_fputc                   text5        03D8
_init_key_matrix         text20       022D
_isButtonNumber          text19       0306
_key_code                bssBANK0     0020
_lcd_clear               text15       0253
_lcd_command             text14       0283
_lcd_delay               text18       0236
_lcd_gotoxy              text13       0329
_lcd_init                text12       04FA
_lcd_putc                text11       02A5
_lcd_puts                text10       02CA
_lcd_wait_busy           text17       0353
_main                    maintext     0492
_numberValue             bssBANK0     0045
_prec                    bssBANK0     0042
_printf                  text2        0244
_putch                   text6        021D
_scan_key_matrix         text1        0577
_vfpfcnvrt               text4        06C3
_vfprintf                text3        02E5
_width                   bssBANK0     0040
_write_data              text16       0606
abs@a                    cstackCOMMON 0076
btemp                    (abs)        007E
btemp0                   (abs)        007E
btemp1                   (abs)        007F
clear_ram0               clrtext      0225
end_of_initialization    cinit        07FC
fputc@c                  cstackCOMMON 0078
fputc@fp                 cstackCOMMON 007A
init_fetch0              inittext     02B7
init_ram0                inittext     02BB
intlevel0                functab      0000
intlevel1                functab      0000
intlevel2                functab      0000
intlevel3                functab      0000
intlevel4                functab      0000
intlevel5                functab      0000
isButtonNumber@i         cstackCOMMON 0073
lcd_command@_command     cstackCOMMON 0076
lcd_delay@time           cstackCOMMON 0070
lcd_gotoxy@address       cstackCOMMON 0079
lcd_gotoxy@col           cstackCOMMON 0078
lcd_gotoxy@row           cstackCOMMON 0077
lcd_putc@charactor       cstackCOMMON 0076
lcd_puts@string_char     cstackCOMMON 0077
lcd_wait_busy@busy       cstackCOMMON 0072
ltemp0a                  (abs)        0080
nosup@@$_$_CONFIG        (abs)        0000
printf@ap                cstackBANK0  005B
printf@fmt               cstackBANK0  0058
putch@c                  cstackCOMMON 0077
reset_vec                reset_vec    0000
scan_key_matrix@i        cstackBANK0  0046
scan_key_matrix@j        cstackBANK0  0048
start                    init         0000
start_initialization     cinit        07D1
ttemp0a                  (abs)        007F
vfpfcnvrt@ap             cstackCOMMON 007D
vfpfcnvrt@c              cstackBANK0  0053
vfpfcnvrt@convarg        cstackBANK0  004F
vfpfcnvrt@cp             cstackBANK0  004E
vfpfcnvrt@done           cstackBANK0  004D
vfpfcnvrt@fmt            cstackCOMMON 007C
vfpfcnvrt@fp             cstackCOMMON 007B
vfprintf@ap              cstackBANK0  0056
vfprintf@cfmt            cstackBANK0  0057
vfprintf@fmt             cstackBANK0  0055
vfprintf@fp              cstackBANK0  0054
write_data@H_data        cstackCOMMON 0074
write_data@L_data        cstackCOMMON 0075
write_data@_data         cstackCOMMON 0073
wtemp0                   (abs)        007E
wtemp0a                  (abs)        007F


MODULE INFORMATION

Module		Function		Class		Link	Load	Size
C:\Program Files\Microchip\xc8\v3.10\pic\sources\c99\common\awmod.c
		___awmod       		CODE           	0381	0000	87

C:\Program Files\Microchip\xc8\v3.10\pic\sources\c99\common\awmod.c estimated size: 87

../Bai_1_GPIO.X/lcd.c
		_lcd_wait_busy 		CODE           	0353	0000	46
		_lcd_command   		CODE           	0283	0000	17
		_lcd_delay     		CODE           	0236	0000	14
		_lcd_putc      		CODE           	02A5	0000	18
		_lcd_puts      		CODE           	02CA	0000	27
		_write_data    		CODE           	0606	0000	189
		_putch         		CODE           	021D	0000	8
		_lcd_clear     		CODE           	0253	0000	16
		_lcd_gotoxy    		CODE           	0329	0000	42
		_lcd_init      		CODE           	04FA	0000	125

../Bai_1_GPIO.X/lcd.c estimated size: 502

../Bai_1_GPIO.X/main.c
		_isButtonNumber		CODE           	0306	0000	35
		_main          		CODE           	0492	0000	104

../Bai_1_GPIO.X/main.c estimated size: 139

C:\Program Files\Microchip\xc8\v3.10\pic\sources\c99\common\abs.c
		_abs           		CODE           	0294	0000	17

C:\Program Files\Microchip\xc8\v3.10\pic\sources\c99\common\abs.c estimated size: 17

C:\Program Files\Microchip\xc8\v3.10\pic\sources\c99\common\printf.c
		_printf        		CODE           	0244	0000	15

C:\Program Files\Microchip\xc8\v3.10\pic\sources\c99\common\printf.c estimated size: 15

C:\Program Files\Microchip\xc8\v3.10\pic\sources\c99\common\awdiv.c
		___awdiv       		CODE           	042F	0000	99

C:\Program Files\Microchip\xc8\v3.10\pic\sources\c99\common\awdiv.c estimated size: 99

../Bai_1_GPIO.X/button.c
		_init_key_matrix		CODE           	022D	0000	9
		_scan_key_matrix		CODE           	0577	0000	143

../Bai_1_GPIO.X/button.c estimated size: 152

shared
		__stringtab    		STRING         	0003	0000	6
		_segCC         		STRING         	0000	0000	0
		__initialization		CODE           	07D1	0000	43

shared estimated size: 49

C:\Program Files\Microchip\xc8\v3.10\pic\sources\c99\common\nf_fputc.c
		_fputc         		CODE           	03D8	0000	87

C:\Program Files\Microchip\xc8\v3.10\pic\sources\c99\common\nf_fputc.c estimated size: 87

C:\Program Files\Microchip\xc8\v3.10\pic\sources\c99\common\doprnt.c
		_vfpfcnvrt     		CODE           	06C3	0000	270
		_vfprintf      		CODE           	02E5	0000	33

C:\Program Files\Microchip\xc8\v3.10\pic\sources\c99\common\doprnt.c estimated size: 303

