Microchip MPLAB XC8 Compiler V3.10

Linker command line:

-W-3 \
  --edf=C:\Program Files\Microchip\xc8\v3.10\pic\dat\20250813170317_en.msgs \
  -cn -h+dist/default/production\CONXELO_HITC.X.production.sym \
  --cmf=dist/default/production\CONXELO_HITC.X.production.cmf -z -Q16F887 \
  -oC:\Users\TranVy\AppData\Local\Temp\xcBsd5o.1\driver_tmp_3.o \
  --defsym=__MPLAB_BUILD=1 --fixupoverflow=error \
  -Mdist/default/production/CONXELO_HITC.X.production.map \
  --md=C:\Users\TranVy\AppData\Local\Temp\xcBsd5o.1\driver_tmp_0.dat -E1 \
  -ver=XC8 Compiler -ACODE=00h-07FFhx4 -ASTRCODE=00h-01FFFh \
  -ASTRING=00h-0FFhx32 -ACONST=00h-0FFhx32 -AENTRY=00h-0FFhx32 \
  -ACOMMON=070h-07Fh -ABANK0=020h-06Fh -ABANK1=0A0h-0EFh \
  -ABANK2=0110h-016Fh -ABANK3=0190h-01EFh \
  -ARAM=020h-06Fh,0A0h-0EFh,0110h-016Fh,0190h-01EFh \
  -AABS1=020h-07Fh,0A0h-0EFh,0110h-016Fh,0190h-01EFh -ASFR0=00h-01Fh \
  -ASFR1=080h-09Fh -ASFR2=0100h-010Fh -ASFR3=0180h-018Fh \
  -ACONFIG=02007h-02008h -DCONFIG=2 -AIDLOC=02000h-02003h -DIDLOC=2 \
  -AEEDATA=00h-0FFh/02100h -peeprom_data=EEDATA -DEEDATA=2 -DCODE=2 \
  -DSTRCODE=2 -DSTRING=2 -DCONST=2 -DENTRY=2 \
  -preset_vec=00h,intentry=04h,sivt,init,end_init -ppowerup=CODE \
  -pcinit=CODE -pfunctab=ENTRY -k \
  C:\Users\TranVy\AppData\Local\Temp\xcBsd5o.1\driver_tmp_12.o \
  dist/default/production\CONXELO_HITC.X.production.o 

Object code version is 3.11

Machine type is 16F887



                Name                               Link     Load   Length Selector   Space Scale
C:\Users\TranVy\AppData\Local\Temp\xcBsd5o.1\driver_tmp_12.o
                end_init                              C        C        3        8       0
                reset_vec                             0        0        3        0       0
                config                             2007     2007        2        0       4
dist/default/production\CONXELO_HITC.X.production.o
                cinit                                 F        F       10        8       0
                intentry                              4        4        8        8       0
                config                             2007     2007        2        0       4
                text11                              24C      24C       24        8       0
                text10                              2D8      2D8        8        8       0
                text9                               287      287       17        8       0
                text8                               2D0      2D0        8        8       0
                text7                               2C1      2C1        F        8       0
                text6                               2B1      2B1       10        8       0
                text5                               225      225       27        8       0
                text4                               29E      29E       13        8       0
                text3                               270      270       17        8       0
                text2                                1F       1F       DB        8       0
                text1                               1AD      1AD       78        8       0
                maintext                             FA       FA       B3        8       0
                cstackBANK0                          20       20        F       20       1
                cstackCOMMON                         70       70        6       70       1
                bssBANK0                             2F       2F        6       20       1
                bssCOMMON                            76       76        4       70       1

TOTAL           Name                               Link     Load   Length     Space
        CLASS   CODE           
                end_init                              C        C        3         0
                cinit                                 F        F       10         0
                intentry                              4        4        8         0
                reset_vec                             0        0        3         0
                text11                              24C      24C       24         0
                text10                              2D8      2D8        8         0
                text9                               287      287       17         0
                text8                               2D0      2D0        8         0
                text7                               2C1      2C1        F         0
                text6                               2B1      2B1       10         0
                text5                               225      225       27         0
                text4                               29E      29E       13         0
                text3                               270      270       17         0
                text2                                1F       1F       DB         0
                text1                               1AD      1AD       78         0
                maintext                             FA       FA       B3         0

        CLASS   STRCODE        

        CLASS   STRING         

        CLASS   CONST          

        CLASS   ENTRY          

        CLASS   COMMON         
                cstackCOMMON                         70       70        6         1
                bssCOMMON                            76       76        4         1

        CLASS   BANK0          
                cstackBANK0                          20       20        F         1
                bssBANK0                             2F       2F        6         1

        CLASS   BANK1          

        CLASS   BANK2          

        CLASS   BANK3          

        CLASS   RAM            

        CLASS   ABS1           
                abs_s1                               7E       7E        2         1

        CLASS   SFR0           

        CLASS   SFR1           

        CLASS   SFR2           

        CLASS   SFR3           

        CLASS   CONFIG         
                config                             2007     2007        2         4

        CLASS   IDLOC          

        CLASS   EEDATA         

        CLASS   HEAP           

        CLASS   STACK          



SEGMENTS        Name                           Load    Length   Top    Selector   Space  Class     Delta

                reset_vec                      000000  000003  000003         0       0  CODE        2
                intentry                       000004  0002DC  0002E0         8       0  CODE        2
                cstackBANK0                    000020  000015  000035        20       1  BANK0       1
                cstackCOMMON                   000070  00000A  00007A        70       1  COMMON      1


UNUSED ADDRESS RANGES

        Name                Unused          Largest block    Delta
        BANK0            0035-006F             3B           1
        BANK1            00A0-00EF             50           1
        BANK2            0110-016F             60           1
        BANK3            0190-01EF             60           1
        CODE             0003-0003              1           2
                         02E0-1FFF            800
        COMMON           007A-007D              4           1
        CONST            0003-0003              1           2
                         02E0-1FFF            100
        EEDATA           2100-21FF            100           2
        ENTRY            0003-0003              1           2
                         02E0-1FFF            100
        IDLOC            2000-2003              4           2
        RAM              0035-006F             3B           1
                         00A0-00EF             50
                         0110-016F             60
                         0190-01EF             60
        SFR0             0000-001F             20           1
        SFR1             0080-009F             20           1
        SFR2             0100-010F             10           1
        SFR3             0180-018F             10           1
        STRCODE          0003-0003              1           2
                         02E0-1FFF           1D20
        STRING           0003-0003              1           2
                         02E0-1FFF            100

                                  Symbol Table

?___wmul                      cstackBANK0  0020
?_abs                         cstackCOMMON 0074
Car_Forward@pwmL              cstackBANK0  0020
Car_Forward@pwmR              cstackBANK0  0022
Status_Car@sp1                cstackBANK0  0020
Status_Car@sp2                cstackBANK0  0022
Status_Car@status             cstackBANK0  0024
_ADCON0                       (abs)        001F
_ADCON1                       (abs)        009F
_ADRESH                       (abs)        001E
_ADRESL                       (abs)        009E
_ANSEL                        (abs)        0188
_ANSELH                       (abs)        0189
_CCP1CON                      (abs)        0017
_CCP2CON                      (abs)        001D
_CCPR1L                       (abs)        0015
_CCPR2L                       (abs)        001B
_Car_Forward                  text7        02C1
_Error                        bssBANK0     0033
_GIE                          (abs)        005F
_GO_DONE                      (abs)        00F9
_IOCB                         (abs)        0096
_Initialize_interrupt         text10       02D8
_PORTB                        (abs)        0006
_PORTD                        (abs)        0008
_PORTE                        (abs)        0009
_PR2                          (abs)        0092
_RB0                          (abs)        0030
_RB1                          (abs)        0031
_RB2                          (abs)        0032
_RB3                          (abs)        0033
_RB4                          (abs)        0034
_RB5                          (abs)        0035
_RBIE                         (abs)        005B
_RBIF                         (abs)        0058
_RD4                          (abs)        0044
_RD5                          (abs)        0045
_RD6                          (abs)        0046
_RE0                          (abs)        0048
_Status_Car                   text6        02B1
_T2CON                        (abs)        0012
_TMR2                         (abs)        0011
_TRISB                        (abs)        0086
_TRISC                        (abs)        0087
_TRISC1                       (abs)        0439
_TRISC2                       (abs)        043A
_TRISD                        (abs)        0088
_TRISE                        (abs)        0089
__H__absolute__               __absolute__ 0000
__Habs1                       abs1         0000
__Hbank0                      bank0        0000
__Hbank1                      bank1        0000
__Hbank2                      bank2        0000
__Hbank3                      bank3        0000
__HbssBANK0                   bssBANK0     0000
__HbssCOMMON                  bssCOMMON    0000
__Hcinit                      cinit        001F
__Hclrtext                    clrtext      0000
__Hcode                       code         0000
__Hcommon                     common       0000
__Hconfig                     config       2009
__HcstackBANK0                cstackBANK0  0000
__HcstackCOMMON               cstackCOMMON 0000
__Heeprom_data                eeprom_data  0000
__Hend_init                   end_init     000F
__Hfunctab                    functab      0000
__Hheap                       heap         0000
__Hinit                       init         000C
__Hintentry                   intentry     000C
__Hmaintext                   maintext     0000
__Hpowerup                    powerup      0000
__Hram                        ram          0000
__Hreset_vec                  reset_vec    0003
__Hsfr0                       sfr0         0000
__Hsfr1                       sfr1         0000
__Hsfr2                       sfr2         0000
__Hsfr3                       sfr3         0000
__Hsivt                       sivt         000C
__Hspace_0                    (abs)        02E0
__Hspace_1                    (abs)        007A
__Hspace_2                    (abs)        0000
__Hspace_3                    (abs)        0000
__Hspace_4                    (abs)        4010
__Hstack                      stack        0000
__Hstrings                    strings      0000
__Htext                       text         0000
__L__absolute__               __absolute__ 0000
__Labs1                       abs1         0000
__Lbank0                      bank0        0000
__Lbank1                      bank1        0000
__Lbank2                      bank2        0000
__Lbank3                      bank3        0000
__LbssBANK0                   bssBANK0     0000
__LbssCOMMON                  bssCOMMON    0000
__Lcinit                      cinit        000F
__Lclrtext                    clrtext      0000
__Lcode                       code         0000
__Lcommon                     common       0000
__Lconfig                     config       0000
__LcstackBANK0                cstackBANK0  0000
__LcstackCOMMON               cstackCOMMON 0000
__Leeprom_data                eeprom_data  0000
__Lend_init                   end_init     000C
__Lfunctab                    functab      0000
__Lheap                       heap         0000
__Linit                       init         000C
__Lintentry                   intentry     0004
__Lmaintext                   maintext     0000
__Lpowerup                    powerup      0000
__Lram                        ram          0000
__Lreset_vec                  reset_vec    0000
__Lsfr0                       sfr0         0000
__Lsfr1                       sfr1         0000
__Lsfr2                       sfr2         0000
__Lsfr3                       sfr3         0000
__Lsivt                       sivt         000C
__Lspace_0                    (abs)        0000
__Lspace_1                    (abs)        0000
__Lspace_2                    (abs)        0000
__Lspace_3                    (abs)        0000
__Lspace_4                    (abs)        0000
__Lstack                      stack        0000
__Lstrings                    strings      0000
__Ltext                       text         0000
__S0                          (abs)        02E0
__S1                          (abs)        007A
__S3                          (abs)        0000
___heap_hi                    (abs)        0000
___heap_lo                    (abs)        0000
___int_sp                     stack        0000
___int_stack_hi               stack        0000
___int_stack_lo               stack        0000
___latbits                    (abs)        0002
___sp                         stack        0000
___stack_hi                   stack        0000
___stack_lo                   stack        0000
___stackhi                    (abs)        0000
___stacklo                    (abs)        0000
___wmul                       text5        0225
___wmul@multiplicand          cstackBANK0  0022
___wmul@multiplier            cstackBANK0  0020
___wmul@product               cstackCOMMON 0074
__end_of_Car_Forward          text7        02D0
__end_of_Initialize_interrupt text10       02E0
__end_of_Status_Car           text6        02C1
__end_of___wmul               text5        024C
__end_of__initialization      cinit        001B
__end_of_abs                  text4        02B1
__end_of_analogWrite_8bits    text8        02D8
__end_of_analogWrite_init     text9        029E
__end_of_isr                  text11       0270
__end_of_limit_pwm            text3        0287
__end_of_main                 maintext     01AD
__end_of_motor_control        text2        00FA
__end_of_read_line_Error      text1        0225
__initialization              cinit        000F
__pbssBANK0                   bssBANK0     002F
__pbssCOMMON                  bssCOMMON    0076
__pcstackBANK0                cstackBANK0  0020
__pcstackCOMMON               cstackCOMMON 0070
__pintentry                   intentry     0004
__pmaintext                   maintext     00FA
__ptext1                      text1        01AD
__ptext10                     text10       02D8
__ptext11                     text11       024C
__ptext2                      text2        001F
__ptext3                      text3        0270
__ptext4                      text4        029E
__ptext5                      text5        0225
__ptext6                      text6        02B1
__ptext7                      text7        02C1
__ptext8                      text8        02D0
__ptext9                      text9        0287
_abs                          text4        029E
_analogWrite_8bits            text8        02D0
_analogWrite_init             text9        0287
_autocar                      bssCOMMON    0078
_drivercar                    bssCOMMON    0079
_isr                          text11       024C
_last_Error                   bssBANK0     0031
_limit_pwm                    text3        0270
_lost_cnt                     bssBANK0     002F
_main                         maintext     00FA
_motor_control                text2        001F
_read_dataPortB               bssCOMMON    0076
_read_line_Error              text1        01AD
abs@a                         cstackCOMMON 0074
analogWrite_8bits@cp1         cstackCOMMON 0075
analogWrite_8bits@cp2         cstackCOMMON 0074
analogWrite_init@frequency    cstackCOMMON 0074
btemp                         (abs)        007E
btemp0                        (abs)        007E
btemp1                        (abs)        007F
end_of_initialization         cinit        001B
interrupt_function            intentry     0004
intlevel0                     functab      0000
intlevel1                     functab      0000
intlevel2                     functab      0000
intlevel3                     functab      0000
intlevel4                     functab      0000
intlevel5                     functab      0000
limit_pwm@val                 cstackCOMMON 0074
ltemp0a                       (abs)        0080
motor_control@correction      cstackBANK0  0027
motor_control@pwmL            cstackBANK0  0029
motor_control@pwmR            cstackBANK0  002B
read_line_Error@found         cstackCOMMON 0074
reset_vec                     reset_vec    0000
saved_w                       (abs)        007E
start                         init         000C
start_initialization          cinit        000F
ttemp0a                       (abs)        007F
wtemp0                        (abs)        007E
wtemp0a                       (abs)        007F


MODULE INFORMATION

Module		Function		Class		Link	Load	Size
SSLINE.c
		_read_line_Error		CODE           	01AD	0000	120
		_motor_control 		CODE           	001F	0000	219
		_limit_pwm     		CODE           	0270	0000	23

SSLINE.c estimated size: 362

C:\Program Files\Microchip\xc8\v3.10\pic\sources\c99\common\abs.c
		_abs           		CODE           	029E	0000	19

C:\Program Files\Microchip\xc8\v3.10\pic\sources\c99\common\abs.c estimated size: 19

CARDRIVER.c
		_Car_Forward   		CODE           	02C1	0000	15
		_Status_Car    		CODE           	02B1	0000	16

CARDRIVER.c estimated size: 31

shared
		__initialization		CODE           	000F	0000	12

shared estimated size: 12

analogWrite.c
		_analogWrite_init		CODE           	0287	0000	23
		_analogWrite_8bits		CODE           	02D0	0000	8

analogWrite.c estimated size: 31

main.c
		_main          		CODE           	00FA	0000	179

main.c estimated size: 179

interrupt_pic.c
		_Initialize_interrupt		CODE           	02D8	0000	8
		_isr           		CODE           	024C	0000	36

interrupt_pic.c estimated size: 44

C:\Program Files\Microchip\xc8\v3.10\pic\sources\c99\common\Umul16.c
		___wmul        		CODE           	0225	0000	39

C:\Program Files\Microchip\xc8\v3.10\pic\sources\c99\common\Umul16.c estimated size: 39

